// Jest Snapshot v1, https://goo.gl/fbAQLP

exports[`App shows list of results 1`] = `
Array [
  <div
    class="flex flex-col items-center md:flex-row md:items-start my-2 p-4 border-b-2 border-gray-400 border-opacity-50"
    data-testid="production-details"
  >
    <img
      alt="Some title"
      class="object-cover rounded-full justify-self-center w-40 h-40 md:h-56 md:rounded-md shadow-lg md:mx-4"
      src="some.poster.url"
    />
    <div
      class="flex flex-col items-center md:items-start my-4 md:my-0"
    >
      <h1
        class="text-lg md:text-3xl text-center"
      >
        Some title
      </h1>
      <span
        class="text-gray-600"
      >
        2018
      </span>
    </div>
  </div>,
]
`;
